// Jest Snapshot v1, https://goo.gl/fbAQLP

exports[`CVEPageDetailsDescription component should render with description and links 1`] = `
<Fragment>
  <Stack
    gutter="sm"
  >
    <StackItem />
    <StackItem>
      <SnippetWithHeaderAndTooltip
        title="Business risk"
      />
    </StackItem>
    <StackItem>
      <TextContent>
        <Text
          component="p"
        >
          It was found that ghostscript could leak sensitive operators on the operand stack when a pseudo-operator pushes a subroutine. A specially crafted PostScript file could use this flaw to escape the -dSAFER protection in order to, for example, have access to the file system and execute commands.
        </Text>
      </TextContent>
    </StackItem>
    <StackItem>
      <TextContent>
        <Text
          component="p"
        >
          Publish date: 
        </Text>
        <Text
          component="p"
        />
      </TextContent>
    </StackItem>
  </Stack>
</Fragment>
`;

exports[`CVEPageDetailsDescription component should render with description but no links 1`] = `
<Fragment>
  <Stack
    gutter="sm"
  >
    <StackItem />
    <StackItem>
      <SnippetWithHeaderAndTooltip
        title="Business risk"
      />
    </StackItem>
    <StackItem>
      <TextContent>
        <Text
          component="p"
        >
          It was found that ghostscript could leak sensitive operators on the operand stack when a pseudo-operator pushes a subroutine. A specially crafted PostScript file could use this flaw to escape the -dSAFER protection in order to, for example, have access to the file system and execute commands.
        </Text>
      </TextContent>
    </StackItem>
    <StackItem>
      <TextContent>
        <Text
          component="p"
        >
          Publish date: 
        </Text>
        <Text
          component="p"
        />
      </TextContent>
    </StackItem>
  </Stack>
</Fragment>
`;

exports[`CVEPageDetailsDescription component should render without props 1`] = `
<Fragment>
  <Stack
    gutter="sm"
  >
    <StackItem />
    <StackItem>
      <SnippetWithHeaderAndTooltip
        title="Business risk"
      />
    </StackItem>
    <StackItem>
      <TextContent>
        <Text
          component="p"
        />
      </TextContent>
    </StackItem>
    <StackItem>
      <TextContent>
        <Text
          component="p"
        >
          Publish date: 
        </Text>
        <Text
          component="p"
        />
      </TextContent>
    </StackItem>
  </Stack>
</Fragment>
`;
