// Jest Snapshot v1, https://goo.gl/fbAQLP

exports[`SnippetWithHeaderAndTooltip Should render with title and label and Tooltip 1`] = `
<SnippetWithHeaderAndTooltip
  title="testTitle"
  tooltipText="Some random text"
  value="testDescription"
>
  <Stack>
    <div
      className="pf-l-stack"
    >
      <StackItem>
        <div
          className="pf-l-stack__item"
        >
          <TextContent>
            <div
              className="pf-c-content"
            >
              <Text
                component="h4"
                style={
                  Object {
                    "marginBottom": 0,
                  }
                }
              >
                <h4
                  className=""
                  data-pf-content={true}
                  style={
                    Object {
                      "marginBottom": 0,
                    }
                  }
                >
                  testTitle
                </h4>
              </Text>
            </div>
          </TextContent>
        </div>
      </StackItem>
      <StackItem>
        <div
          className="pf-l-stack__item"
        >
          <Tooltip
            appendTo={[Function]}
            className=""
            content="Some random text"
            distance={15}
            enableFlip={true}
            entryDelay={500}
            exitDelay={500}
            isAppLauncher={false}
            maxWidth="18.75rem"
            position="bottom"
            trigger="mouseenter focus"
            zIndex={9999}
          >
            <PopoverBase
              animateFill={false}
              appendTo={[Function]}
              content={
                <div
                  className="pf-c-tooltip"
                  role="tooltip"
                >
                  <TooltipArrow />
                  <TooltipContent>
                    Some random text
                  </TooltipContent>
                </div>
              }
              delay={
                Array [
                  500,
                  500,
                ]
              }
              distance={15}
              flip={true}
              lazy={true}
              maxWidth="18.75rem"
              onCreate={[Function]}
              performance={true}
              placement="bottom"
              popperOptions={
                Object {
                  "modifiers": Object {
                    "hide": Object {
                      "enabled": true,
                    },
                    "preventOverflow": Object {
                      "enabled": true,
                    },
                  },
                }
              }
              theme="pf-tippy"
              trigger="mouseenter focus"
              zIndex={9999}
            >
              <span
                className="cvepage-st-business-risk-value"
              >
                testDescription
              </span>
              <Portal
                containerInfo={
                  <div>
                    <div
                      class="pf-c-tooltip"
                      role="tooltip"
                    >
                      <div
                        class="pf-c-tooltip__arrow"
                      />
                      <div
                        class="pf-c-tooltip__content"
                      >
                        Some random text
                      </div>
                    </div>
                  </div>
                }
              >
                <div
                  className="pf-c-tooltip"
                  role="tooltip"
                >
                  <TooltipArrow>
                    <div
                      className="pf-c-tooltip__arrow"
                    />
                  </TooltipArrow>
                  <TooltipContent>
                    <div
                      className="pf-c-tooltip__content"
                    >
                      Some random text
                    </div>
                  </TooltipContent>
                </div>
              </Portal>
            </PopoverBase>
          </Tooltip>
        </div>
      </StackItem>
    </div>
  </Stack>
</SnippetWithHeaderAndTooltip>
`;

exports[`SnippetWithHeaderAndTooltip Should render with title and label only 1`] = `
<SnippetWithHeaderAndTooltip
  title="testTitle"
  value="testDescription"
>
  <Stack>
    <div
      className="pf-l-stack"
    >
      <StackItem>
        <div
          className="pf-l-stack__item"
        >
          <TextContent>
            <div
              className="pf-c-content"
            >
              <Text
                component="h4"
                style={
                  Object {
                    "marginBottom": 0,
                  }
                }
              >
                <h4
                  className=""
                  data-pf-content={true}
                  style={
                    Object {
                      "marginBottom": 0,
                    }
                  }
                >
                  testTitle
                </h4>
              </Text>
            </div>
          </TextContent>
        </div>
      </StackItem>
      <StackItem>
        <div
          className="pf-l-stack__item"
        >
          <span
            className="cvepage-st-business-risk-value"
          >
            testDescription
          </span>
        </div>
      </StackItem>
    </div>
  </Stack>
</SnippetWithHeaderAndTooltip>
`;

exports[`SnippetWithHeaderAndTooltip Should render without params 1`] = `
<SnippetWithHeaderAndTooltip>
  <Stack>
    <div
      className="pf-l-stack"
    >
      <StackItem>
        <div
          className="pf-l-stack__item"
        >
          <TextContent>
            <div
              className="pf-c-content"
            >
              <Text
                component="h4"
                style={
                  Object {
                    "marginBottom": 0,
                  }
                }
              >
                <h4
                  className=""
                  data-pf-content={true}
                  style={
                    Object {
                      "marginBottom": 0,
                    }
                  }
                />
              </Text>
            </div>
          </TextContent>
        </div>
      </StackItem>
      <StackItem>
        <div
          className="pf-l-stack__item"
        >
          <span
            className="cvepage-st-business-risk-value"
          />
        </div>
      </StackItem>
    </div>
  </Stack>
</SnippetWithHeaderAndTooltip>
`;
